// Jest Snapshot v1, https://goo.gl/fbAQLP

exports[`snapsot 1`] = `
<article
  className="cocktail"
>
  <a
    href="/12345"
    onClick={[Function]}
  >
    <h1 />
  </a>
</article>
`;
