// Jest Snapshot v1, https://goo.gl/fbAQLP

exports[`snapsot 1`] = `
<div
  className="loading"
>
  <span
    className="visually-hidden"
  >
    Loading...
  </span>
</div>
`;
