// Jest Snapshot v1, https://goo.gl/fbAQLP

exports[`snapsot 1`] = `
<h1
  className="title"
>
  <a
    className="link"
    href="/"
    onClick={[Function]}
  />
</h1>
`;
